
================================================================
  T-JEPA Training — Ternary Joint-Embedding Predictive Architecture
  Online encoder + Target encoder (EMA) + Predictor
  Objective: predict representations, not tokens
================================================================
[1/4] Initializing online encoder...
       Encoder params: 1952262, Memory: 1872KB
[2/4] Loading training data...
       File: data/tinystories/real_tinystories.txt
       Loaded 100000 stories, 5462458 tokens
[3/4] Initializing T-JEPA (online + target + predictor)...
       Total params: 2603502 (encoder + predictor)
       LR: 0.001000, Warmup: 500, Steps: 5000, Batch: 66, Ctx: 27
       EMA decay: 0.9960 -> 1.0000, Mask ratio: 0.30, Predictor LR mult: 2.0x
[4/4] Training T-JEPA...

Step     | MSE      | AvgMSE10 | ReprVar  | EMA-tau  | LR       | Tok/s
---------|----------|----------|----------|----------|----------|------
     100 | 1.812020 | 1.821480 | 1053210940.0000 | 0.996079 | 0.000198 |  47413
     200 | 1.376275 | 1.368615 | 1105112000.0000 | 0.996159 | 0.000398 |  47988
     300 | 0.879233 | 0.847803 | 1120713600.0000 | 0.996239 | 0.000598 |  47858
     400 | 0.648568 | 0.714158 | 1097565000.0000 | 0.996319 | 0.000798 |  47659
     500 | 0.667696 | 0.681598 | 1115484800.0000 | 0.996399 | 0.000998 |  47798
     600 | 0.602172 | 0.662025 | 1079562900.0000 | 0.996479 | 0.000999 |  47402
     700 | 0.599021 | 0.673007 | 1041174340.0000 | 0.996559 | 0.000996 |  47056
     800 | 0.651675 | 0.641372 | 1083657100.0000 | 0.996639 | 0.000990 |  47147
     900 | 0.604458 | 0.644761 | 1035059700.0000 | 0.996719 | 0.000983 |  47241
    1000 | 0.660176 | 0.612277 | 1031185000.0000 | 0.996799 | 0.000973 |  47045
    1100 | 0.694546 | 0.689381 | 1015406500.0000 | 0.996879 | 0.000961 |  47021
    1200 | 0.537368 | 0.607383 | 1037230300.0000 | 0.996959 | 0.000947 |  47087
    1300 | 0.503833 | 0.642790 | 1013585100.0000 | 0.997039 | 0.000932 |  47320
    1400 | 0.554494 | 0.575142 | 1014550200.0000 | 0.997119 | 0.000914 |  47283
    1500 | 0.599761 | 0.646562 | 983023040.0000 | 0.997199 | 0.000895 |  47488
    1600 | 0.589099 | 0.575579 | 1001085800.0000 | 0.997279 | 0.000874 |  47725
    1700 | 0.503438 | 0.627016 | 1000444860.0000 | 0.997359 | 0.000851 |  47853
    1800 | 0.567752 | 0.586220 | 978359040.0000 | 0.997439 | 0.000827 |  47987
    1900 | 0.523966 | 0.595417 | 970564100.0000 | 0.997519 | 0.000802 |  48186
    2000 | 0.624964 | 0.600141 | 958893060.0000 | 0.997599 | 0.000775 |  48338
    2100 | 0.460906 | 0.587844 | 953082240.0000 | 0.997679 | 0.000748 |  48454
    2200 | 0.592744 | 0.601865 | 952295740.0000 | 0.997759 | 0.000719 |  48584
    2300 | 0.752783 | 0.621750 | 934036030.0000 | 0.997839 | 0.000689 |  48531
    2400 | 0.747377 | 0.603756 | 947670100.0000 | 0.997919 | 0.000659 |  48583
    2500 | 0.580401 | 0.550854 | 940202000.0000 | 0.997999 | 0.000628 |  48713
    2600 | 0.498865 | 0.572791 | 916034750.0000 | 0.998079 | 0.000597 |  48825
    2700 | 0.815119 | 0.629069 | 919809150.0000 | 0.998159 | 0.000566 |  48937
    2800 | 0.596495 | 0.587632 | 885061700.0000 | 0.998239 | 0.000535 |  49013
    2900 | 0.474006 | 0.554840 | 906757060.0000 | 0.998319 | 0.000503 |  49095
    3000 | 0.561604 | 0.549285 | 908219140.0000 | 0.998399 | 0.000472 |  49189
    3100 | 0.494044 | 0.554482 | 910848800.0000 | 0.998479 | 0.000441 |  49239
    3200 | 0.560268 | 0.560237 | 900751400.0000 | 0.998559 | 0.000411 |  49317
    3300 | 0.540041 | 0.558434 | 896770700.0000 | 0.998639 | 0.000382 |  49411
    3400 | 0.703900 | 0.588286 | 898774500.0000 | 0.998719 | 0.000353 |  49491
    3500 | 0.600983 | 0.585896 | 895725500.0000 | 0.998799 | 0.000325 |  49558
    3600 | 0.548085 | 0.590039 | 877591100.0000 | 0.998879 | 0.000299 |  49638
    3700 | 0.445014 | 0.530110 | 887145860.0000 | 0.998959 | 0.000273 |  49708
    3800 | 0.505481 | 0.556486 | 871219400.0000 | 0.999039 | 0.000249 |  49760
    3900 | 0.427222 | 0.579144 | 879840260.0000 | 0.999119 | 0.000227 |  49785
    4000 | 0.678203 | 0.591357 | 873573760.0000 | 0.999199 | 0.000205 |  49797
    4100 | 0.633776 | 0.530553 | 884305500.0000 | 0.999279 | 0.000186 |  49845
    4200 | 0.639833 | 0.585332 | 859494340.0000 | 0.999359 | 0.000169 |  49903
    4300 | 0.599570 | 0.566552 | 858957760.0000 | 0.999439 | 0.000153 |  49866
    4400 | 0.530489 | 0.555901 | 873418400.0000 | 0.999519 | 0.000139 |  49898
    4500 | 0.541745 | 0.573768 | 867821500.0000 | 0.999599 | 0.000127 |  49897
    4600 | 0.536575 | 0.553584 | 863228100.0000 | 0.999679 | 0.000118 |  49912
    4700 | 0.424599 | 0.540963 | 865069300.0000 | 0.999759 | 0.000110 |  49886
    4800 | 0.614636 | 0.565169 | 859835260.0000 | 0.999839 | 0.000104 |  49837
    4900 | 0.576524 | 0.601169 | 871152100.0000 | 0.999919 | 0.000101 |  49851
    5000 | 0.701058 | 0.566720 | 859806600.0000 | 0.999999 | 0.000100 |  49858

================================================================
  T-JEPA Training Complete!
================================================================
  Steps:        5000
  Final MSE:    0.701058
  Best MSE:     0.302441 (step 3965)
  Avg MSE:      0.646829
  ReprVar@Best: 884188600.0000
  ReprVar@End:  859806600.0000
  EMA decay:    0.999999
  Time:         178.7s
  Throughput:   49858 tok/s
================================================================
JEPA-SUMMARY mse_best=0.302441 reprvar=884188600.0000 step_best=3965 steps=5000 lr=0.001000 batch=66 ctx=27 ema=0.9960->1.0000 mask=0.30 toks=49858
[CKPT] Final saved: data/checkpoints/J-000-log/jepa_step_5000_final.bin
