
+=======================================================================+
|                    SACRED MATHEMATICS CONSTANTS                       |
|                    phi^2 + 1/phi^2 = 3 = TRINITY                     |
+=======================================================================+

  --- GOLDEN RATIO ---

    Golden Ratio (φ)
      Value:   1.6180339887498948482
      Formula: (1 + √5) / 2
      Divine proportion

    Phi Squared (φ²)
      Value:   2.6180339887498948482
      Formula: φ² = φ + 1
      Phi squared

    Inverse Phi Squared (1/φ²)
      Value:   0.3819660112501051518
      Formula: 1/φ² = φ - 1
      Inverse phi squared

    Trinity Sum (φ² + 1/φ²)
      Value:   3.0
      Formula: φ² + 1/φ² = 3
      TRINITY IDENTITY — exact equality

  --- TRANSCENDENTAL ---

    Pi (π)
      Value:   3.14159265358979323846
      Formula: C / d
      Circle constant

    Euler's Number (e)
      Value:   2.71828182845904523536
      Formula: lim(n→∞) (1 + 1/n)ⁿ
      Natural log base

    Transcendental Product (π × φ × e)
      Value:   13.816890703380645
      Formula: π × φ × e
      ≈ TRYTE_MAX (13)

  --- GENETIC ALGORITHM ---

    Mu (μ)
      Value:   0.0382
      Formula: 1/φ²/10
      Mutation rate

    Chi (χ)
      Value:   0.0618
      Formula: 1/φ/10
      Crossover rate

    Sigma (σ)
      Value:   1.618
      Formula: φ
      Selection pressure

    Epsilon (ε)
      Value:   0.333
      Formula: 1/3
      Elitism rate

  --- QUANTUM ---

    CHSH Inequality (CHSH)
      Value:   2.8284271247461903
      Formula: 2√2
      Bell inequality violation

    Fine Structure Inverse (α⁻¹)
      Value:   137.036
      Formula: 4π³ + π² + π
      Fine structure constant

    Berry Phase (β)
      Value:   2.112
      Formula: π(1 - 1/φ)
      Quantum-inspired phase

    SU3 Constant (SU3)
      Value:   0.927
      Formula: 3/(2φ)
      Energy harvesting constant

+=======================================================================+
|  Trit: -1  0  +1  |  Base: 3  |  phi = 1.6180339...                 |
|  mu = 0.0382  |  chi = 0.0618  |  sigma = phi  |  epsilon = 1/3     |
|  Lucas: 2, 1, 3, 4, 7, 11, 18, 29, 47, 76, 123                     |
+=======================================================================+

