
================================================================
  HSLM Training — Hybrid Symbolic Language Model
  ~1.95M ternary parameters, ~390KB
  Autograd + STE quantization + AdamW
================================================================
[1/4] Initializing model...
       Params: 1952262, Memory: 1872KB
[2/4] Loading training data...
       File: data/tinystories/real_tinystories.txt
       Loaded 100000 stories, 5462458 tokens
[3/4] Initializing trainer...
       LR: 0.000300 → 0.0000010 (cosine), Steps: 100000, Batch: 128×1=128, Ctx: 27, Warmup: 2000, Opt: LAMB
       Label smoothing: 0.10
       WD: 0.100 (cosine, disable at 50%)
       Consciousness: adaptive threshold 0.15 -> phi^-1 (warmup 10K steps)
       Full STE backprop: 1952991 trainable params (100%%)
       [RESUME] Loaded checkpoint + optimizer state: data/checkpoints_v13_lamb128/hslm_step_60000.bin (step 60000)
       Parallel: 6 workers (SIMD + threading)
[4/4] Training...

Step     | Loss     | AvgL10   | PPL      | LR       | C-Ratio  | Tok/s
---------|----------|----------|----------|----------|----------|--------
   60100 |   5.9355 |   6.0022 |   378.21 | 0.000126 |   0.0000 |  12850
   60200 |   5.8230 |   6.0098 |   337.97 | 0.000126 |   0.0000 |  12767
   60300 |   5.9361 |   5.9752 |   378.47 | 0.000125 |   0.0000 |  12484
   60400 |   6.0536 |   5.9582 |   425.66 | 0.000125 |   0.0000 |  12310
   60500 |   6.0306 |   6.0001 |   415.96 | 0.000125 |   0.0000 |  12611
   60600 |   6.0125 |   5.9429 |   408.50 | 0.000124 |   0.0000 |  12945
   60700 |   6.0315 |   6.0144 |   416.32 | 0.000124 |   0.0000 |  13156
   60800 |   5.9197 |   5.9429 |   372.30 | 0.000123 |   0.0000 |  13327
   60900 |   6.0422 |   6.0097 |   420.83 | 0.000123 |   0.0000 |  13310
   61000 |   5.9865 |   6.0221 |   398.02 | 0.000122 |   0.0000 |  13249
   61100 |   6.0212 |   6.0059 |   412.07 | 0.000122 |   0.0000 |  13084
   61200 |   5.9526 |   5.9384 |   384.76 | 0.000122 |   0.0000 |  12942
   61300 |   5.9363 |   5.9656 |   378.55 | 0.000121 |   0.0000 |  12974
   61400 |   5.7885 |   5.9415 |   326.53 | 0.000121 |   0.0000 |  13063
   61500 |   6.1534 |   5.9582 |   470.32 | 0.000120 |   0.0000 |  13151
   61600 |   5.8435 |   5.9534 |   344.98 | 0.000120 |   0.0000 |  13228
   61700 |   5.9966 |   5.9403 |   402.04 | 0.000120 |   0.0000 |  13248
   61800 |   5.8143 |   5.9122 |   335.06 | 0.000119 |   0.0000 |  13148
   61900 |   5.9065 |   5.9038 |   367.42 | 0.000119 |   0.0000 |  12952
   62000 |   5.9411 |   5.9073 |   380.34 | 0.000118 |   0.0000 |  12846
   62100 |   6.0233 |   5.8978 |   412.93 | 0.000118 |   0.0000 |  12811
   62200 |   5.7861 |   5.8818 |   325.73 | 0.000118 |   0.0000 |  12852
   62300 |   5.8053 |   5.8202 |   332.05 | 0.000117 |   0.0000 |  12904
   62400 |   5.9120 |   5.8710 |   369.46 | 0.000117 |   0.0000 |  12922
   62500 |   5.7015 |   5.8451 |   299.31 | 0.000116 |   0.0000 |  12957
   62600 |   5.8139 |   5.8498 |   334.91 | 0.000116 |   0.0000 |  13009
   62700 |   5.7443 |   5.8225 |   312.41 | 0.000116 |   0.0000 |  13018
   62800 |   5.9673 |   5.8501 |   390.45 | 0.000115 |   0.0000 |  13011
   62900 |   5.9340 |   5.8439 |   377.65 | 0.000115 |   0.0000 |  13052
   63000 |   5.7957 |   5.8972 |   328.87 | 0.000114 |   0.0000 |  13103
   63100 |   5.7990 |   5.9034 |   329.96 | 0.000114 |   0.0000 |  13148
   63200 |   5.8672 |   5.8733 |   353.26 | 0.000114 |   0.0000 |  13167
   63300 |   5.6867 |   5.8082 |   294.93 | 0.000113 |   0.0000 |  13212
   63400 |   5.7681 |   5.8298 |   319.93 | 0.000113 |   0.0000 |  13239
   63500 |   5.9486 |   5.8916 |   383.22 | 0.000112 |   0.0000 |  13222
   63600 |   6.0382 |   5.8096 |   419.14 | 0.000112 |   0.0000 |  13214
   63700 |   5.7837 |   5.8502 |   324.97 | 0.000112 |   0.0000 |  13226
   63800 |   5.7905 |   5.8354 |   327.18 | 0.000111 |   0.0000 |  13269
   63900 |   5.7337 |   5.8219 |   309.11 | 0.000111 |   0.0000 |  13310
   64000 |   5.8385 |   5.8543 |   343.26 | 0.000110 |   0.0000 |  13340
   64100 |   5.8919 |   5.8144 |   362.09 | 0.000110 |   0.0000 |  13365
   64200 |   5.9045 |   5.8792 |   366.68 | 0.000110 |   0.0000 |  13367
   64300 |   5.8376 |   5.8237 |   342.95 | 0.000109 |   0.0000 |  13389
   64400 |   5.8924 |   5.8483 |   362.27 | 0.000109 |   0.0000 |  13373
   64500 |   5.8314 |   5.8317 |   340.82 | 0.000108 |   0.0000 |  13340
   64600 |   5.6314 |   5.7700 |   279.04 | 0.000108 |   0.0000 |  13341
   64700 |   5.8316 |   5.8461 |   340.90 | 0.000108 |   0.0000 |  13361
   64800 |   5.7655 |   5.8133 |   319.10 | 0.000107 |   0.0000 |  13398
   64900 |   5.9705 |   5.8130 |   391.69 | 0.000107 |   0.0000 |  13422
   65000 |   5.8780 |   5.8769 |   357.11 | 0.000106 |   0.0000 |  13460
   65100 |   5.8322 |   5.8637 |   341.12 | 0.000106 |   0.0000 |  13499
   65200 |   5.8309 |   5.8151 |   340.65 | 0.000106 |   0.0000 |  13537
   65300 |   5.7188 |   5.8048 |   304.55 | 0.000105 |   0.0000 |  13575
   65400 |   5.8820 |   5.8423 |   358.51 | 0.000105 |   0.0000 |  13614
   65500 |   5.8321 |   5.8590 |   341.06 | 0.000104 |   0.0000 |  13643
   65600 |   5.8236 |   5.7919 |   338.18 | 0.000104 |   0.0000 |  13667
   65700 |   5.6864 |   5.8500 |   294.82 | 0.000104 |   0.0000 |  13696
   65800 |   5.9445 |   5.8204 |   381.65 | 0.000103 |   0.0000 |  13731
   65900 |   5.8665 |   5.8782 |   353.02 | 0.000103 |   0.0000 |  13762
   66000 |   5.9555 |   5.7976 |   385.86 | 0.000103 |   0.0000 |  13797
   66100 |   5.8085 |   5.8214 |   333.13 | 0.000102 |   0.0000 |  13830
   66200 |   5.7577 |   5.7933 |   316.63 | 0.000102 |   0.0000 |  13865
   66300 |   5.7429 |   5.8304 |   311.97 | 0.000101 |   0.0000 |  13897
   66400 |   5.8600 |   5.8010 |   350.71 | 0.000101 |   0.0000 |  13928
   66500 |   5.8314 |   5.8690 |   340.83 | 0.000101 |   0.0000 |  13960
   66600 |   5.9452 |   5.8257 |   381.90 | 0.000100 |   0.0000 |  13989
   66700 |   5.8623 |   5.8021 |   351.52 | 0.000100 |   0.0000 |  14007
   66800 |   5.8078 |   5.8169 |   332.88 | 0.000100 |   0.0000 |  14019
   66900 |   5.8965 |   5.8208 |   363.76 | 0.000099 |   0.0000 |  14029
   67000 |   5.8643 |   5.8044 |   352.24 | 0.000099 |   0.0000 |  14052
   67100 |   5.7899 |   5.8104 |   326.98 | 0.000098 |   0.0000 |  14069
   67200 |   5.9632 |   5.8282 |   388.87 | 0.000098 |   0.0000 |  14091
   67300 |   5.8410 |   5.8121 |   344.11 | 0.000098 |   0.0000 |  14101
   67400 |   5.7630 |   5.8589 |   318.29 | 0.000097 |   0.0000 |  14119
   67500 |   5.7969 |   5.7918 |   329.26 | 0.000097 |   0.0000 |  14134
   67600 |   5.8317 |   5.7619 |   340.93 | 0.000097 |   0.0000 |  14125
   67700 |   5.8423 |   5.8202 |   344.58 | 0.000096 |   0.0000 |  14094
   67800 |   5.7775 |   5.7761 |   322.95 | 0.000096 |   0.0000 |  14078
   67900 |   5.7482 |   5.7779 |   313.62 | 0.000095 |   0.0000 |  14075
   68000 |   5.9746 |   5.8008 |   393.32 | 0.000095 |   0.0000 |  14089
   68100 |   5.8565 |   5.8192 |   349.50 | 0.000095 |   0.0000 |  14104
   68200 |   5.5152 |   5.8132 |   248.43 | 0.000094 |   0.0000 |  14117
   68300 |   5.7230 |   5.8155 |   305.81 | 0.000094 |   0.0000 |  14130
   68400 |   5.8237 |   5.7826 |   338.24 | 0.000094 |   0.0000 |  14142
   68500 |   5.7697 |   5.7641 |   320.44 | 0.000093 |   0.0000 |  14150
   68600 |   5.8611 |   5.8296 |   351.12 | 0.000093 |   0.0000 |  14154
   68700 |   5.8954 |   5.8010 |   363.37 | 0.000092 |   0.0000 |  14147
   68800 |   5.8150 |   5.8642 |   335.29 | 0.000092 |   0.0000 |  14143
   68900 |   5.8713 |   5.8094 |   354.70 | 0.000092 |   0.0000 |  14145
   69000 |   5.9211 |   5.8339 |   372.82 | 0.000091 |   0.0000 |  14153
   69100 |   5.7091 |   5.7634 |   301.61 | 0.000091 |   0.0000 |  14164
   69200 |   5.7947 |   5.8080 |   328.55 | 0.000091 |   0.0000 |  14165
   69300 |   5.9559 |   5.8257 |   386.04 | 0.000090 |   0.0000 |  14161
   69400 |   5.9231 |   5.7910 |   373.57 | 0.000090 |   0.0000 |  14162
   69500 |   5.7923 |   5.7613 |   327.78 | 0.000090 |   0.0000 |  14171
   69600 |   5.8561 |   5.7982 |   349.37 | 0.000089 |   0.0000 |  14177
   69700 |   5.8316 |   5.7563 |   340.91 | 0.000089 |   0.0000 |  14172
   69800 |   5.8069 |   5.7951 |   332.58 | 0.000088 |   0.0000 |  14173
   69900 |   5.6174 |   5.7997 |   275.17 | 0.000088 |   0.0000 |  14182
   70000 |   5.8111 |   5.7663 |   333.98 | 0.000088 |   0.0000 |  14193
[CKPT] Saved (v2 + optimizer): data/checkpoints_v14_verify/hslm_step_70000.bin
   70100 |   5.8898 |   5.8214 |   361.33 | 0.000087 |   0.0000 |  14196
   70200 |   5.6053 |   5.7704 |   271.85 | 0.000087 |   0.0000 |  14202
   70300 |   6.0272 |   5.7911 |   414.56 | 0.000087 |   0.0000 |  14218
   70400 |   5.9078 |   5.7846 |   367.88 | 0.000086 |   0.0000 |  14233
   70500 |   5.8194 |   5.7984 |   336.76 | 0.000086 |   0.0000 |  14249
   70600 |   5.6587 |   5.7625 |   286.79 | 0.000086 |   0.0000 |  14259
   70700 |   5.7131 |   5.7990 |   302.80 | 0.000085 |   0.0000 |  14258
   70800 |   5.8684 |   5.7743 |   353.70 | 0.000085 |   0.0000 |  14261
   70900 |   5.8095 |   5.7957 |   333.45 | 0.000085 |   0.0000 |  14266
   71000 |   5.9118 |   5.8349 |   369.37 | 0.000084 |   0.0000 |  14276
   71100 |   5.6906 |   5.8205 |   296.08 | 0.000084 |   0.0000 |  14291
   71200 |   5.6038 |   5.7804 |   271.47 | 0.000084 |   0.0000 |  14302
   71300 |   5.8764 |   5.8218 |   356.52 | 0.000083 |   0.0000 |  14311
   71400 |   5.8164 |   5.8140 |   335.75 | 0.000083 |   0.0000 |  14315
   71500 |   5.7804 |   5.7615 |   323.90 | 0.000083 |   0.0000 |  14316
   71600 |   5.7573 |   5.7846 |   316.51 | 0.000082 |   0.0000 |  14319
   71700 |   5.7103 |   5.7704 |   301.95 | 0.000082 |   0.0000 |  14326
   71800 |   5.8882 |   5.7787 |   360.76 | 0.000082 |   0.0000 |  14337
   71900 |   5.8363 |   5.8468 |   342.50 | 0.000081 |   0.0000 |  14339
   72000 |   5.8004 |   5.7437 |   330.44 | 0.000081 |   0.0000 |  14342
   72100 |   5.7468 |   5.8052 |   313.19 | 0.000080 |   0.0000 |  14347
   72200 |   5.8863 |   5.7497 |   360.06 | 0.000080 |   0.0000 |  14354
   72300 |   5.7208 |   5.7936 |   305.14 | 0.000080 |   0.0000 |  14346
   72400 |   5.9454 |   5.7464 |   381.97 | 0.000079 |   0.0000 |  14332
   72500 |   5.7157 |   5.7056 |   303.59 | 0.000079 |   0.0000 |  14328
   72600 |   5.8770 |   5.8272 |   356.74 | 0.000079 |   0.0000 |  14338
   72700 |   5.6656 |   5.7388 |   288.77 | 0.000078 |   0.0000 |  14344
   72800 |   5.7266 |   5.7785 |   306.93 | 0.000078 |   0.0000 |  14341
   72900 |   5.8610 |   5.8083 |   351.07 | 0.000078 |   0.0000 |  14345
   73000 |   5.7436 |   5.8150 |   312.19 | 0.000077 |   0.0000 |  14347
   73100 |   5.6287 |   5.7458 |   278.30 | 0.000077 |   0.0000 |  14340
   73200 |   5.8199 |   5.7854 |   336.95 | 0.000077 |   0.0000 |  14338
   73300 |   5.6534 |   5.7776 |   285.27 | 0.000077 |   0.0000 |  14343
   73400 |   5.9850 |   5.7990 |   397.41 | 0.000076 |   0.0000 |  14350
   73500 |   5.8468 |   5.7527 |   346.14 | 0.000076 |   0.0000 |  14361
   73600 |   5.8817 |   5.8108 |   358.43 | 0.000076 |   0.0000 |  14372
   73700 |   5.6988 |   5.7654 |   298.51 | 0.000075 |   0.0000 |  14383
   73800 |   5.6121 |   5.8071 |   273.70 | 0.000075 |   0.0000 |  14394
   73900 |   5.6719 |   5.7533 |   290.59 | 0.000075 |   0.0000 |  14398
   74000 |   5.6885 |   5.7279 |   295.44 | 0.000074 |   0.0000 |  14395
   74100 |   5.5340 |   5.7187 |   253.15 | 0.000074 |   0.0000 |  14393
   74200 |   5.7849 |   5.7925 |   325.36 | 0.000074 |   0.0000 |  14392
   74300 |   5.6833 |   5.7413 |   293.91 | 0.000073 |   0.0000 |  14386
   74400 |   5.7954 |   5.8046 |   328.79 | 0.000073 |   0.0000 |  14377
   74500 |   5.8059 |   5.7500 |   332.26 | 0.000073 |   0.0000 |  14364
   74600 |   5.7039 |   5.7520 |   300.03 | 0.000072 |   0.0000 |  14354
   74700 |   5.7790 |   5.8088 |   323.42 | 0.000072 |   0.0000 |  14347
   74800 |   5.7779 |   5.7761 |   323.07 | 0.000072 |   0.0000 |  14347
   74900 |   5.7743 |   5.7570 |   321.92 | 0.000071 |   0.0000 |  14354
   75000 |   5.6792 |   5.7734 |   292.71 | 0.000071 |   0.0000 |  14354
   75100 |   5.7392 |   5.7663 |   310.80 | 0.000071 |   0.0000 |  14359
   75200 |   5.9794 |   5.7814 |   395.21 | 0.000070 |   0.0000 |  14360
   75300 |   5.7974 |   5.7908 |   329.46 | 0.000070 |   0.0000 |  14348
   75400 |   5.6488 |   5.7354 |   283.94 | 0.000070 |   0.0000 |  14321
   75500 |   5.7163 |   5.7033 |   303.78 | 0.000070 |   0.0000 |  14302
   75600 |   5.9072 |   5.7710 |   367.68 | 0.000069 |   0.0000 |  14302
   75700 |   5.7735 |   5.6935 |   321.67 | 0.000069 |   0.0000 |  14304
   75800 |   5.6506 |   5.7336 |   284.45 | 0.000069 |   0.0000 |  14301
   75900 |   5.6207 |   5.7216 |   276.08 | 0.000068 |   0.0000 |  14303
   76000 |   5.8673 |   5.7903 |   353.31 | 0.000068 |   0.0000 |  14305
   76100 |   5.8317 |   5.7906 |   340.93 | 0.000068 |   0.0000 |  14294
   76200 |   5.7249 |   5.7996 |   306.40 | 0.000067 |   0.0000 |  14276
   76300 |   5.7451 |   5.7481 |   312.67 | 0.000067 |   0.0000 |  14268
   76400 |   5.6693 |   5.6797 |   289.84 | 0.000067 |   0.0000 |  14270
   76500 |   5.5868 |   5.7578 |   266.89 | 0.000067 |   0.0000 |  14274
   76600 |   5.7371 |   5.7431 |   310.17 | 0.000066 |   0.0000 |  14275
   76700 |   5.7620 |   5.8120 |   317.98 | 0.000066 |   0.0000 |  14262
   76800 |   5.7395 |   5.7499 |   310.92 | 0.000066 |   0.0000 |  14248
   76900 |   5.7765 |   5.7698 |   322.62 | 0.000065 |   0.0000 |  14233
   77000 |   5.7814 |   5.7650 |   324.20 | 0.000065 |   0.0000 |  14220
   77100 |   5.7219 |   5.7857 |   305.50 | 0.000065 |   0.0000 |  14198
   77200 |   5.9381 |   5.7469 |   379.22 | 0.000064 |   0.0000 |  14180
   77300 |   5.6852 |   5.7426 |   294.48 | 0.000064 |   0.0000 |  14168
   77400 |   5.7435 |   5.7502 |   312.14 | 0.000064 |   0.0000 |  14153
   77500 |   5.7671 |   5.7486 |   319.60 | 0.000064 |   0.0000 |  14134
   77600 |   5.7922 |   5.7248 |   327.72 | 0.000063 |   0.0000 |  14127
   77700 |   5.7026 |   5.7453 |   299.64 | 0.000063 |   0.0000 |  14124
   77800 |   5.7812 |   5.7749 |   324.15 | 0.000063 |   0.0000 |  14121
   77900 |   5.5936 |   5.7235 |   268.69 | 0.000062 |   0.0000 |  14120
   78000 |   5.7911 |   5.7641 |   327.39 | 0.000062 |   0.0000 |  14117
   78100 |   5.6393 |   5.7423 |   281.27 | 0.000062 |   0.0000 |  14116
   78200 |   5.7604 |   5.6949 |   317.49 | 0.000062 |   0.0000 |  14114
   78300 |   5.6415 |   5.7279 |   281.90 | 0.000061 |   0.0000 |  14113
   78400 |   5.7866 |   5.7688 |   325.89 | 0.000061 |   0.0000 |  14103
   78500 |   5.7061 |   5.7434 |   300.69 | 0.000061 |   0.0000 |  14102
   78600 |   5.8672 |   5.7707 |   353.25 | 0.000061 |   0.0000 |  14100
   78700 |   5.6829 |   5.7172 |   293.79 | 0.000060 |   0.0000 |  14079
   78800 |   5.9277 |   5.7923 |   375.29 | 0.000060 |   0.0000 |  14075
   78900 |   5.6785 |   5.7018 |   292.52 | 0.000060 |   0.0000 |  14070
   79000 |   5.8074 |   5.7965 |   332.77 | 0.000059 |   0.0000 |  14062
   79100 |   5.6150 |   5.7439 |   274.53 | 0.000059 |   0.0000 |  14059
   79200 |   5.7780 |   5.7893 |   323.10 | 0.000059 |   0.0000 |  14061
   79300 |   5.7237 |   5.7278 |   306.02 | 0.000059 |   0.0000 |  14063
   79400 |   5.4957 |   5.6910 |   243.65 | 0.000058 |   0.0000 |  14065
   79500 |   5.7332 |   5.7530 |   308.94 | 0.000058 |   0.0000 |  14061
   79600 |   5.6879 |   5.7235 |   295.28 | 0.000058 |   0.0000 |  14052
   79700 |   5.7693 |   5.7259 |   320.33 | 0.000058 |   0.0000 |  14038
   79800 |   5.8542 |   5.7923 |   348.71 | 0.000057 |   0.0000 |  14028
   79900 |   5.6676 |   5.7035 |   289.35 | 0.000057 |   0.0000 |  14020
   80000 |   5.6330 |   5.7294 |   279.49 | 0.000057 |   0.0000 |  14001
[CKPT] Saved (v2 + optimizer): data/checkpoints_v14_verify/hslm_step_80000.bin
   80100 |   5.8634 |   5.7090 |   351.91 | 0.000057 |   0.0000 |  13985
