
 /----------------------------------------------------------------------------\
 |  yosys -- Yosys Open SYnthesis Suite                                       |
 |  Copyright (C) 2012 - 2026  Claire Xenia Wolf <claire@yosyshq.com>         |
 |  Distributed under an ISC-like license, type "license" to see terms        |
 \----------------------------------------------------------------------------/
 Yosys 0.67+post (git sha1 b8e7da6f40ae8f552c116bf6c359b07c6533e159, Release, AppleClang clang++ 21.0.0.21000099)

-- Running command `read_verilog -sv stream_ternary_mac.v; synth_xilinx -family xc7 -flatten -top StreamTernaryMac' --
[... 1541 line(s) trimmed by scripts/widget-data/synth-smells.mjs ...]
2.5. Executing CHECK pass (checking for obvious problems).
[... 1 line(s) trimmed by scripts/widget-data/synth-smells.mjs ...]
Found and reported 0 problems.
[... 10 line(s) trimmed by scripts/widget-data/synth-smells.mjs ...]
2.10. Executing OPT_CLEAN pass (remove unused cells and wires).
[... 1 line(s) trimmed by scripts/widget-data/synth-smells.mjs ...]
Removed 933 unused cells and 2820 unused wires.
[... 2 line(s) trimmed by scripts/widget-data/synth-smells.mjs ...]
2.11. Executing CHECK pass (checking for obvious problems).
[... 1 line(s) trimmed by scripts/widget-data/synth-smells.mjs ...]
Found and reported 0 problems.
[... 167 line(s) trimmed by scripts/widget-data/synth-smells.mjs ...]
2.12.7. Executing OPT_CLEAN pass (remove unused cells and wires).
[... 1 line(s) trimmed by scripts/widget-data/synth-smells.mjs ...]
Removed 0 unused cells and 135 unused wires.
[... 86 line(s) trimmed by scripts/widget-data/synth-smells.mjs ...]
2.14.7. Executing OPT_CLEAN pass (remove unused cells and wires).
[... 1 line(s) trimmed by scripts/widget-data/synth-smells.mjs ...]
Removed 1 unused cells and 1 unused wires.
[... 235 line(s) trimmed by scripts/widget-data/synth-smells.mjs ...]
2.28.7. Executing OPT_CLEAN pass (remove unused cells and wires).
[... 1 line(s) trimmed by scripts/widget-data/synth-smells.mjs ...]
Removed 25 unused cells and 25 unused wires.
[... 110 line(s) trimmed by scripts/widget-data/synth-smells.mjs ...]
2.34.4. Executing OPT_CLEAN pass (remove unused cells and wires).
[... 1 line(s) trimmed by scripts/widget-data/synth-smells.mjs ...]
Removed 0 unused cells and 27 unused wires.
[... 538 line(s) trimmed by scripts/widget-data/synth-smells.mjs ...]
2.39.4. Executing OPT_CLEAN pass (remove unused cells and wires).
[... 1 line(s) trimmed by scripts/widget-data/synth-smells.mjs ...]
Removed 122 unused cells and 559 unused wires.
[... 51 line(s) trimmed by scripts/widget-data/synth-smells.mjs ...]
2.41.3. Continuing TECHMAP pass.
[... 2 line(s) trimmed by scripts/widget-data/synth-smells.mjs ...]
Removed 0 unused cells and 1 unused wires.
[... 30 line(s) trimmed by scripts/widget-data/synth-smells.mjs ...]
2.44.1.2. Re-integrating ABC results.
[... 6 line(s) trimmed by scripts/widget-data/synth-smells.mjs ...]
Removed 0 unused cells and 431 unused wires.
[... 333 line(s) trimmed by scripts/widget-data/synth-smells.mjs ...]
2.50. Executing CLKBUFMAP pass (inserting clock buffers).
[... 1 line(s) trimmed by scripts/widget-data/synth-smells.mjs ...]
Removed 0 unused cells and 1428 unused wires.
[... 11 line(s) trimmed by scripts/widget-data/synth-smells.mjs ...]
2.52. Printing statistics.

=== StreamTernaryMac ===

        +----------Local Count, excluding submodules.
        | 
      423 wires
     1170 wire bits
        7 public wires
      164 public wire bits
        7 ports
      164 port bits
      543 cells
        1   BUFG
      131   IBUF
       32   INV
       54   LUT2
       15   LUT3
       72   LUT4
       47   LUT5
      158   LUT6
       33   OBUF
      185 submodules
       10   CARRY4
       32   FDCE
       99   MUXF7
       44   MUXF8

   Estimated number of LCs:        292

=== design hierarchy ===

        +----------Count including submodules.
        | 
      543 StreamTernaryMac

        +----------Count including submodules.
        | 
      423 wires
     1170 wire bits
        7 public wires
      164 public wire bits
        7 ports
      164 port bits
        - memories
        - memory bits
        - processes
      543 cells
        1   BUFG
      131   IBUF
       32   INV
       54   LUT2
       15   LUT3
       72   LUT4
       47   LUT5
      158   LUT6
       33   OBUF
      185 submodules
       10   CARRY4
       32   FDCE
       99   MUXF7
       44   MUXF8

   Estimated number of LCs:        292

2.53. Executing CHECK pass (checking for obvious problems).
Checking module StreamTernaryMac...
Found and reported 0 problems.

End of script. Logfile hash: 7388c629af, time: 6.69s, user: 4.78s, system: 0.19s, MEM: 115.00 MB peak
Yosys 0.67+post (git sha1 b8e7da6f40ae8f552c116bf6c359b07c6533e159, Release, AppleClang clang++ 21.0.0.21000099)
Time spent: 60% 19x read_verilog (3 sec), 17% 1x abc (1 sec), ...

