#! /opt/homebrew/Cellar/icarus-verilog/12.0/bin/vvp
:ivl_version "12.0 (stable)";
:ivl_delay_selection "TYPICAL";
:vpi_time_precision - 12;
:vpi_module "/opt/homebrew/Cellar/icarus-verilog/12.0/lib/ivl/system.vpi";
:vpi_module "/opt/homebrew/Cellar/icarus-verilog/12.0/lib/ivl/vhdl_sys.vpi";
:vpi_module "/opt/homebrew/Cellar/icarus-verilog/12.0/lib/ivl/vhdl_textio.vpi";
:vpi_module "/opt/homebrew/Cellar/icarus-verilog/12.0/lib/ivl/v2005_math.vpi";
:vpi_module "/opt/homebrew/Cellar/icarus-verilog/12.0/lib/ivl/va_math.vpi";
S_0x15520c260 .scope module, "tf3_simple" "tf3_simple" 2 5;
 .timescale -9 -12;
v0x15520c8d0_0 .net *"_ivl_0", 1 0, L_0x15521d850;  1 drivers
L_0x158078058 .functor BUFT 1, C4<0>, C4<0>, C4<0>, C4<0>;
v0x15521c810_0 .net *"_ivl_12", 0 0, L_0x158078058;  1 drivers
v0x15521c8b0_0 .net *"_ivl_13", 2 0, L_0x15521dc00;  1 drivers
L_0x1580780a0 .functor BUFT 1, C4<001>, C4<0>, C4<0>, C4<0>;
v0x15521c960_0 .net/2u *"_ivl_15", 2 0, L_0x1580780a0;  1 drivers
v0x15521ca10_0 .net *"_ivl_17", 2 0, L_0x15521dd40;  1 drivers
L_0x1580780e8 .functor BUFT 1, C4<001>, C4<0>, C4<0>, C4<0>;
v0x15521cb00_0 .net/2s *"_ivl_19", 2 0, L_0x1580780e8;  1 drivers
v0x15521cbb0_0 .net *"_ivl_21", 0 0, L_0x15521de80;  1 drivers
L_0x158078130 .functor BUFT 1, C4<10>, C4<0>, C4<0>, C4<0>;
v0x15521cc50_0 .net/2u *"_ivl_23", 1 0, L_0x158078130;  1 drivers
L_0x158078178 .functor BUFT 1, C4<000>, C4<0>, C4<0>, C4<0>;
v0x15521cd00_0 .net/2s *"_ivl_25", 2 0, L_0x158078178;  1 drivers
v0x15521ce10_0 .net *"_ivl_27", 0 0, L_0x15521dfa0;  1 drivers
L_0x1580781c0 .functor BUFT 1, C4<01>, C4<0>, C4<0>, C4<0>;
v0x15521ceb0_0 .net/2u *"_ivl_29", 1 0, L_0x1580781c0;  1 drivers
L_0x158078208 .functor BUFT 1, C4<00>, C4<0>, C4<0>, C4<0>;
v0x15521cf60_0 .net/2u *"_ivl_31", 1 0, L_0x158078208;  1 drivers
v0x15521d010_0 .net *"_ivl_33", 1 0, L_0x15521e0d0;  1 drivers
v0x15521d0c0_0 .net *"_ivl_5", 2 0, L_0x15521d970;  1 drivers
L_0x158078010 .functor BUFT 1, C4<0>, C4<0>, C4<0>, C4<0>;
v0x15521d170_0 .net *"_ivl_8", 0 0, L_0x158078010;  1 drivers
v0x15521d220_0 .net *"_ivl_9", 2 0, L_0x15521da90;  1 drivers
v0x15521d2d0_0 .var "a_sign", 1 0;
v0x15521d460_0 .net "add_result_sign", 1 0, L_0x15521e230;  1 drivers
v0x15521d4f0_0 .net "add_sign_carry", 0 0, L_0x15521d7b0;  1 drivers
v0x15521d590_0 .net/s "add_sign_ext", 2 0, L_0x15521d6f0;  1 drivers
v0x15521d640_0 .var "b_sign", 1 0;
L_0x15521d6f0 .part/pv L_0x15521d850, 0, 2, 3;
L_0x15521d7b0 .part L_0x15521dd40, 2, 1;
L_0x15521d850 .part L_0x15521dd40, 0, 2;
L_0x15521d970 .concat [ 2 1 0 0], v0x15521d2d0_0, L_0x158078010;
L_0x15521da90 .concat [ 2 1 0 0], v0x15521d640_0, L_0x158078058;
L_0x15521dc00 .arith/sum 3, L_0x15521d970, L_0x15521da90;
L_0x15521dd40 .arith/sum 3, L_0x15521dc00, L_0x1580780a0;
L_0x15521de80 .cmp/gt.s 3, L_0x15521d6f0, L_0x1580780e8;
L_0x15521dfa0 .cmp/gt.s 3, L_0x158078178, L_0x15521d6f0;
L_0x15521e0d0 .functor MUXZ 2, L_0x158078208, L_0x1580781c0, L_0x15521dfa0, C4<>;
L_0x15521e230 .functor MUXZ 2, L_0x15521e0d0, L_0x158078130, L_0x15521de80, C4<>;
    .scope S_0x15520c260;
T_0 ;
    %vpi_call 2 25 "$display", "\012========================================" {0 0 0};
    %vpi_call 2 26 "$display", "  TF3 Simple Trit Test" {0 0 0};
    %vpi_call 2 27 "$display", "========================================\012" {0 0 0};
    %pushi/vec4 0, 0, 2;
    %store/vec4 v0x15521d2d0_0, 0, 2;
    %pushi/vec4 0, 0, 2;
    %store/vec4 v0x15521d640_0, 0, 2;
    %vpi_call 2 34 "$display", "\012Test 1: 0 + 0 = 0" {0 0 0};
    %pushi/vec4 0, 0, 2;
    %store/vec4 v0x15521d2d0_0, 0, 2;
    %pushi/vec4 0, 0, 2;
    %store/vec4 v0x15521d640_0, 0, 2;
    %delay 1000, 0;
    %load/vec4 v0x15521d460_0;
    %cmpi/e 0, 0, 2;
    %flag_mov 8, 4;
    %jmp/0 T_0.0, 8;
    %pushi/vec4 1346458451, 0, 32; draw_string_vec4
    %jmp/1 T_0.1, 8;
T_0.0 ; End of true expr.
    %pushi/vec4 1178683724, 0, 32; draw_string_vec4
    %jmp/0 T_0.1, 8;
 ; End of false expr.
    %blend;
T_0.1;
    %vpi_call 2 38 "$display", "  a_sign=%b, b_sign=%b, result=%b (expected 00) - %s", v0x15521d2d0_0, v0x15521d640_0, v0x15521d460_0, S<0,vec4,u32> {1 0 0};
    %vpi_call 2 43 "$display", "\012Test 2: +1 + 0 = +1" {0 0 0};
    %pushi/vec4 2, 0, 2;
    %store/vec4 v0x15521d2d0_0, 0, 2;
    %pushi/vec4 0, 0, 2;
    %store/vec4 v0x15521d640_0, 0, 2;
    %delay 1000, 0;
    %load/vec4 v0x15521d460_0;
    %cmpi/e 2, 0, 2;
    %flag_mov 8, 4;
    %jmp/0 T_0.2, 8;
    %pushi/vec4 1346458451, 0, 32; draw_string_vec4
    %jmp/1 T_0.3, 8;
T_0.2 ; End of true expr.
    %pushi/vec4 1178683724, 0, 32; draw_string_vec4
    %jmp/0 T_0.3, 8;
 ; End of false expr.
    %blend;
T_0.3;
    %vpi_call 2 47 "$display", "  a_sign=%b, b_sign=%b, result=%b (expected 10) - %s", v0x15521d2d0_0, v0x15521d640_0, v0x15521d460_0, S<0,vec4,u32> {1 0 0};
    %vpi_call 2 52 "$display", "\012Test 3: -1 + 0 = -1" {0 0 0};
    %pushi/vec4 1, 0, 2;
    %store/vec4 v0x15521d2d0_0, 0, 2;
    %pushi/vec4 0, 0, 2;
    %store/vec4 v0x15521d640_0, 0, 2;
    %delay 1000, 0;
    %load/vec4 v0x15521d460_0;
    %cmpi/e 1, 0, 2;
    %flag_mov 8, 4;
    %jmp/0 T_0.4, 8;
    %pushi/vec4 1346458451, 0, 32; draw_string_vec4
    %jmp/1 T_0.5, 8;
T_0.4 ; End of true expr.
    %pushi/vec4 1178683724, 0, 32; draw_string_vec4
    %jmp/0 T_0.5, 8;
 ; End of false expr.
    %blend;
T_0.5;
    %vpi_call 2 56 "$display", "  a_sign=%b, b_sign=%b, result=%b (expected 01) - %s", v0x15521d2d0_0, v0x15521d640_0, v0x15521d460_0, S<0,vec4,u32> {1 0 0};
    %vpi_call 2 61 "$display", "\012Test 4: +1 + (-1) = 0" {0 0 0};
    %pushi/vec4 2, 0, 2;
    %store/vec4 v0x15521d2d0_0, 0, 2;
    %pushi/vec4 1, 0, 2;
    %store/vec4 v0x15521d640_0, 0, 2;
    %delay 1000, 0;
    %load/vec4 v0x15521d460_0;
    %cmpi/e 0, 0, 2;
    %flag_mov 8, 4;
    %jmp/0 T_0.6, 8;
    %pushi/vec4 1346458451, 0, 32; draw_string_vec4
    %jmp/1 T_0.7, 8;
T_0.6 ; End of true expr.
    %pushi/vec4 1178683724, 0, 32; draw_string_vec4
    %jmp/0 T_0.7, 8;
 ; End of false expr.
    %blend;
T_0.7;
    %vpi_call 2 65 "$display", "  a_sign=%b, b_sign=%b, result=%b (expected 00) - %s", v0x15521d2d0_0, v0x15521d640_0, v0x15521d460_0, S<0,vec4,u32> {1 0 0};
    %vpi_call 2 70 "$display", "\012Test 5: +1 + +1 = +1 (saturate)" {0 0 0};
    %pushi/vec4 2, 0, 2;
    %store/vec4 v0x15521d2d0_0, 0, 2;
    %pushi/vec4 2, 0, 2;
    %store/vec4 v0x15521d640_0, 0, 2;
    %delay 1000, 0;
    %load/vec4 v0x15521d460_0;
    %cmpi/e 2, 0, 2;
    %flag_mov 8, 4;
    %jmp/0 T_0.8, 8;
    %pushi/vec4 1346458451, 0, 32; draw_string_vec4
    %jmp/1 T_0.9, 8;
T_0.8 ; End of true expr.
    %pushi/vec4 1178683724, 0, 32; draw_string_vec4
    %jmp/0 T_0.9, 8;
 ; End of false expr.
    %blend;
T_0.9;
    %vpi_call 2 74 "$display", "  a_sign=%b, b_sign=%b, result=%b (expected 10) - %s", v0x15521d2d0_0, v0x15521d640_0, v0x15521d460_0, S<0,vec4,u32> {1 0 0};
    %vpi_call 2 79 "$display", "\012Test 6: -1 + (-1) = -1 (saturate)" {0 0 0};
    %pushi/vec4 1, 0, 2;
    %store/vec4 v0x15521d2d0_0, 0, 2;
    %pushi/vec4 1, 0, 2;
    %store/vec4 v0x15521d640_0, 0, 2;
    %delay 1000, 0;
    %load/vec4 v0x15521d460_0;
    %cmpi/e 1, 0, 2;
    %flag_mov 8, 4;
    %jmp/0 T_0.10, 8;
    %pushi/vec4 1346458451, 0, 32; draw_string_vec4
    %jmp/1 T_0.11, 8;
T_0.10 ; End of true expr.
    %pushi/vec4 1178683724, 0, 32; draw_string_vec4
    %jmp/0 T_0.11, 8;
 ; End of false expr.
    %blend;
T_0.11;
    %vpi_call 2 83 "$display", "  a_sign=%b, b_sign=%b, result=%b (expected 01) - %s", v0x15521d2d0_0, v0x15521d640_0, v0x15521d460_0, S<0,vec4,u32> {1 0 0};
    %delay 100000, 0;
    %vpi_call 2 88 "$finish" {0 0 0};
    %end;
    .thread T_0;
# The file index is used to find the file name in the following table.
:file_names 3;
    "N/A";
    "<interactive>";
    "/Users/playra/trinity-w1/fpga/openxc7-synth/tf3_simple.v";
