
 /----------------------------------------------------------------------------\
 |  yosys -- Yosys Open SYnthesis Suite                                       |
 |  Copyright (C) 2012 - 2026  Claire Xenia Wolf <claire@yosyshq.com>         |
 |  Distributed under an ISC-like license, type "license" to see terms        |
 \----------------------------------------------------------------------------/
 Yosys 0.67+post (git sha1 b8e7da6f40ae8f552c116bf6c359b07c6533e159, Release, AppleClang clang++ 21.0.0.21000099)

-- Running command `read_verilog -sv comb_ternary_dot.v; synth_xilinx -family xc7 -flatten -top CombTernaryDot' --
[... 709 line(s) trimmed by scripts/widget-data/synth-smells.mjs ...]
2.5. Executing CHECK pass (checking for obvious problems).
[... 1 line(s) trimmed by scripts/widget-data/synth-smells.mjs ...]
Found and reported 0 problems.
[... 10 line(s) trimmed by scripts/widget-data/synth-smells.mjs ...]
2.10. Executing OPT_CLEAN pass (remove unused cells and wires).
[... 1 line(s) trimmed by scripts/widget-data/synth-smells.mjs ...]
Removed 135 unused cells and 1061 unused wires.
[... 2 line(s) trimmed by scripts/widget-data/synth-smells.mjs ...]
2.11. Executing CHECK pass (checking for obvious problems).
[... 1 line(s) trimmed by scripts/widget-data/synth-smells.mjs ...]
Found and reported 0 problems.
[... 113 line(s) trimmed by scripts/widget-data/synth-smells.mjs ...]
2.12.7. Executing OPT_CLEAN pass (remove unused cells and wires).
[... 1 line(s) trimmed by scripts/widget-data/synth-smells.mjs ...]
Removed 0 unused cells and 81 unused wires.
[... 289 line(s) trimmed by scripts/widget-data/synth-smells.mjs ...]
2.28.7. Executing OPT_CLEAN pass (remove unused cells and wires).
[... 1 line(s) trimmed by scripts/widget-data/synth-smells.mjs ...]
Removed 25 unused cells and 25 unused wires.
[... 646 line(s) trimmed by scripts/widget-data/synth-smells.mjs ...]
2.39.4. Executing OPT_CLEAN pass (remove unused cells and wires).
[... 1 line(s) trimmed by scripts/widget-data/synth-smells.mjs ...]
Removed 90 unused cells and 540 unused wires.
[... 51 line(s) trimmed by scripts/widget-data/synth-smells.mjs ...]
2.41.3. Continuing TECHMAP pass.
[... 2 line(s) trimmed by scripts/widget-data/synth-smells.mjs ...]
Removed 0 unused cells and 1 unused wires.
[... 30 line(s) trimmed by scripts/widget-data/synth-smells.mjs ...]
2.44.1.2. Re-integrating ABC results.
[... 6 line(s) trimmed by scripts/widget-data/synth-smells.mjs ...]
Removed 0 unused cells and 326 unused wires.
[... 325 line(s) trimmed by scripts/widget-data/synth-smells.mjs ...]
2.50. Executing CLKBUFMAP pass (inserting clock buffers).
Removed 0 unused cells and 1149 unused wires.
[... 11 line(s) trimmed by scripts/widget-data/synth-smells.mjs ...]
2.52. Printing statistics.

=== CombTernaryDot ===

        +----------Local Count, excluding submodules.
        | 
      489 wires
     4988 wire bits
      145 public wires
     4184 public wire bits
        7 ports
      140 port bits
      457 cells
      131   IBUF
       23   LUT2
       22   LUT3
       66   LUT4
       44   LUT5
      162   LUT6
        9   OBUF
      144 submodules
        2   CARRY4
       99   MUXF7
       43   MUXF8

   Estimated number of LCs:        294

=== design hierarchy ===

        +----------Count including submodules.
        | 
      457 CombTernaryDot

        +----------Count including submodules.
        | 
      489 wires
     4988 wire bits
      145 public wires
     4184 public wire bits
        7 ports
      140 port bits
        - memories
        - memory bits
        - processes
      457 cells
      131   IBUF
       23   LUT2
       22   LUT3
       66   LUT4
       44   LUT5
      162   LUT6
        9   OBUF
      144 submodules
        2   CARRY4
       99   MUXF7
       43   MUXF8

   Estimated number of LCs:        294

2.53. Executing CHECK pass (checking for obvious problems).
Checking module CombTernaryDot...
Found and reported 0 problems.

End of script. Logfile hash: 76660c089f, time: 7.25s, user: 4.49s, system: 0.22s, MEM: 104.62 MB peak
Yosys 0.67+post (git sha1 b8e7da6f40ae8f552c116bf6c359b07c6533e159, Release, AppleClang clang++ 21.0.0.21000099)
Time spent: 65% 19x read_verilog (3 sec), 19% 1x abc (1 sec), ...

