
 /----------------------------------------------------------------------------\
 |  yosys -- Yosys Open SYnthesis Suite                                       |
 |  Copyright (C) 2012 - 2026  Claire Xenia Wolf <claire@yosyshq.com>         |
 |  Distributed under an ISC-like license, type "license" to see terms        |
 \----------------------------------------------------------------------------/
 Yosys 0.67+post (git sha1 b8e7da6f40ae8f552c116bf6c359b07c6533e159, Release, AppleClang clang++ 21.0.0.21000099)

-- Running command `read_verilog -sv synth-smells-teaching.v; synth_xilinx -family xc7 -flatten -top smelly_teaching' --
[... 490 line(s) trimmed by scripts/widget-data/synth-smells.mjs ...]
2.4.8. Executing PROC_DLATCH pass (convert process syncs to latches).
Warning: Latch inferred for signal `\smelly_teaching.\y' from process `\smelly_teaching.$proc$synth-smells-teaching.v:19$7': $auto$proc_dlatch.cc:547:proc_dlatch$1194
[... 32 line(s) trimmed by scripts/widget-data/synth-smells.mjs ...]
2.5. Executing CHECK pass (checking for obvious problems).
[... 1 line(s) trimmed by scripts/widget-data/synth-smells.mjs ...]
Warning: multiple conflicting drivers for smelly_teaching.\b [0]:
    module input b[0]
    module input a[0]
Warning: Wire smelly_teaching.\forgot [3] is used but has no driver.
Warning: Wire smelly_teaching.\forgot [2] is used but has no driver.
Warning: Wire smelly_teaching.\forgot [1] is used but has no driver.
Warning: Wire smelly_teaching.\forgot [0] is used but has no driver.
Found and reported 5 problems.
[... 10 line(s) trimmed by scripts/widget-data/synth-smells.mjs ...]
2.10. Executing OPT_CLEAN pass (remove unused cells and wires).
[... 1 line(s) trimmed by scripts/widget-data/synth-smells.mjs ...]
Removed 10 unused cells and 52 unused wires.
[... 2 line(s) trimmed by scripts/widget-data/synth-smells.mjs ...]
2.11. Executing CHECK pass (checking for obvious problems).
[... 1 line(s) trimmed by scripts/widget-data/synth-smells.mjs ...]
Warning: multiple conflicting drivers for smelly_teaching.\a [0]:
    module input b[0]
    module input a[0]
Warning: Wire smelly_teaching.\forgot [3] is used but has no driver.
Warning: Wire smelly_teaching.\forgot [2] is used but has no driver.
Warning: Wire smelly_teaching.\forgot [1] is used but has no driver.
Warning: Wire smelly_teaching.\forgot [0] is used but has no driver.
Found and reported 5 problems.
[... 65 line(s) trimmed by scripts/widget-data/synth-smells.mjs ...]
2.12.7. Executing OPT_CLEAN pass (remove unused cells and wires).
[... 1 line(s) trimmed by scripts/widget-data/synth-smells.mjs ...]
Removed 0 unused cells and 6 unused wires.
[... 291 line(s) trimmed by scripts/widget-data/synth-smells.mjs ...]
2.34.4. Executing OPT_CLEAN pass (remove unused cells and wires).
[... 1 line(s) trimmed by scripts/widget-data/synth-smells.mjs ...]
Removed 0 unused cells and 7 unused wires.
[... 4 line(s) trimmed by scripts/widget-data/synth-smells.mjs ...]
2.35. Executing MEMORY_MAP pass (converting memories to logic and flip-flops).
Mapping memory \regs in module \smelly_teaching:
  created 4 $dff cells and 0 static cells of width 4.
  read interface: 0 $dff and 3 $mux cells.
  write interface: 8 write mux blocks.
[... 36 line(s) trimmed by scripts/widget-data/synth-smells.mjs ...]
2.36.8. Executing OPT_CLEAN pass (remove unused cells and wires).
[... 1 line(s) trimmed by scripts/widget-data/synth-smells.mjs ...]
Removed 0 unused cells and 15 unused wires.
[... 34 line(s) trimmed by scripts/widget-data/synth-smells.mjs ...]
2.36.16. Executing OPT_CLEAN pass (remove unused cells and wires).
[... 1 line(s) trimmed by scripts/widget-data/synth-smells.mjs ...]
Removed 1 unused cells and 1 unused wires.
[... 33 line(s) trimmed by scripts/widget-data/synth-smells.mjs ...]
2.36.24. Executing OPT_CLEAN pass (remove unused cells and wires).
[... 1 line(s) trimmed by scripts/widget-data/synth-smells.mjs ...]
Removed 3 unused cells and 6 unused wires.
[... 105 line(s) trimmed by scripts/widget-data/synth-smells.mjs ...]
2.39.4. Executing OPT_CLEAN pass (remove unused cells and wires).
[... 1 line(s) trimmed by scripts/widget-data/synth-smells.mjs ...]
Removed 1 unused cells and 11 unused wires.
[... 56 line(s) trimmed by scripts/widget-data/synth-smells.mjs ...]
2.41.3. Continuing TECHMAP pass.
[... 2 line(s) trimmed by scripts/widget-data/synth-smells.mjs ...]
Removed 0 unused cells and 2 unused wires.
[... 30 line(s) trimmed by scripts/widget-data/synth-smells.mjs ...]
2.44.1.2. Re-integrating ABC results.
[... 6 line(s) trimmed by scripts/widget-data/synth-smells.mjs ...]
Removed 0 unused cells and 108 unused wires.
[... 62 line(s) trimmed by scripts/widget-data/synth-smells.mjs ...]
2.50. Executing CLKBUFMAP pass (inserting clock buffers).
[... 1 line(s) trimmed by scripts/widget-data/synth-smells.mjs ...]
Removed 0 unused cells and 155 unused wires.
[... 11 line(s) trimmed by scripts/widget-data/synth-smells.mjs ...]
2.52. Printing statistics.

=== smelly_teaching ===

        +----------Local Count, excluding submodules.
        | 
       44 wires
      110 wire bits
       18 public wires
       53 public wire bits
       12 ports
       32 port bits
       53 cells
        1   BUFG
       19   IBUF
        4   LDCE
        1   LUT2
        4   LUT3
        7   LUT4
        4   LUT6
       13   OBUF
       16 submodules
       16   FDRE

   Estimated number of LCs:         15

=== design hierarchy ===

        +----------Count including submodules.
        | 
       53 smelly_teaching

        +----------Count including submodules.
        | 
       44 wires
      110 wire bits
       18 public wires
       53 public wire bits
       12 ports
       32 port bits
        - memories
        - memory bits
        - processes
       53 cells
        1   BUFG
       19   IBUF
        4   LDCE
        1   LUT2
        4   LUT3
        7   LUT4
        4   LUT6
       13   OBUF
       16 submodules
       16   FDRE

   Estimated number of LCs:         15

2.53. Executing CHECK pass (checking for obvious problems).
Checking module smelly_teaching...
Warning: multiple conflicting drivers for smelly_teaching.\both:
    port O[0] of cell $iopadmap$smelly_teaching.b (IBUF)
    port O[0] of cell $iopadmap$smelly_teaching.a (IBUF)
Found and reported 1 problems.

Warnings: 8 unique messages, 12 total
End of script. Logfile hash: fac9d701cc, time: 5.41s, user: 4.11s, system: 0.18s, MEM: 96.56 MB peak
Yosys 0.67+post (git sha1 b8e7da6f40ae8f552c116bf6c359b07c6533e159, Release, AppleClang clang++ 21.0.0.21000099)
Time spent: 88% 19x read_verilog (3 sec), 3% 1x synth_xilinx (0 sec), ...

